1787400244 H1M5 CAMPAIGN START registry=64 (DEV H1 bars=10168)
1787400244 TU-pb-L-A1.5 [TREND_UP] LONG PA rr1.5: n=59 WR=0.169 avgR=0.1939 b5rem=0.1489 medTP=52.5p medSL=35.0p -> SURVIVE
1787400244 TB-bo-L-A1.5 [TREND_UP] LONG PA rr1.5: n=81 WR=0.16 avgR=0.0201 b5rem=-0.0552 medTP=52.0p medSL=34.7p -> TAIL_FRAGILE
1787400244 RG-rej-L-A1.5 [RANGE] LONG PA rr1.5: n=54 WR=0.111 avgR=0.0484 b5rem=-0.0064 medTP=45.8p medSL=30.5p -> TAIL_FRAGILE
1787400244 RG-sweep-L-A1.5 [RANGE] LONG PA rr1.5: n=40 WR=0.125 avgR=0.0829 b5rem=0.0099 medTP=47.3p medSL=31.6p -> INSUFFICIENT
1787400244 RG-fb-L-A1.5 [RANGE] LONG PA rr1.5: n=24 WR=0.125 avgR=-0.1773 b5rem=-0.2493 medTP=68.0p medSL=45.3p -> EVENT_SPARSE
1787400244 TR-bo-L-A1.5 [TRANSITION] LONG PA rr1.5: n=10 WR=0.3 avgR=0.2354 b5rem=0.0987 medTP=77.9p medSL=52.0p -> EVENT_SPARSE
1787400244 RI-disp-L-A1.5 [REGIME_INDEPENDENT] LONG PA rr1.5: n=224 WR=0.121 avgR=-0.0663 b5rem=-0.1459 medTP=50.7p medSL=33.8p -> FAIL
1787400244 RI-mom-L-A1.5 [REGIME_INDEPENDENT] LONG PA rr1.5: n=248 WR=0.06 avgR=-0.1087 b5rem=-0.1888 medTP=37.6p medSL=25.0p -> FAIL
1787400244 TU-pb-L-A2 [TREND_UP] LONG PA rr2.0: n=59 WR=0.136 avgR=0.306 b5rem=0.2474 medTP=70.0p medSL=35.0p -> SURVIVE
1787400244 TB-bo-L-A2 [TREND_UP] LONG PA rr2.0: n=81 WR=0.136 avgR=0.1149 b5rem=0.0185 medTP=69.3p medSL=34.7p -> SURVIVE
1787400244 RG-rej-L-A2 [RANGE] LONG PA rr2.0: n=54 WR=0.093 avgR=0.2383 b5rem=0.1717 medTP=61.0p medSL=30.5p -> SURVIVE
1787400244 RG-sweep-L-A2 [RANGE] LONG PA rr2.0: n=40 WR=0.075 avgR=0.1326 b5rem=0.0364 medTP=63.1p medSL=31.6p -> INSUFFICIENT
1787400244 RG-fb-L-A2 [RANGE] LONG PA rr2.0: n=24 WR=0.125 avgR=-0.0107 b5rem=-0.0971 medTP=90.7p medSL=45.3p -> EVENT_SPARSE
1787400244 TR-bo-L-A2 [TRANSITION] LONG PA rr2.0: n=10 WR=0.3 avgR=0.1854 b5rem=-0.0124 medTP=103.9p medSL=52.0p -> EVENT_SPARSE
1787400244 RI-disp-L-A2 [REGIME_INDEPENDENT] LONG PA rr2.0: n=224 WR=0.089 avgR=-0.015 b5rem=-0.1175 medTP=67.6p medSL=33.8p -> FAIL
1787400244 RI-mom-L-A2 [REGIME_INDEPENDENT] LONG PA rr2.0: n=248 WR=0.052 avgR=-0.0543 b5rem=-0.157 medTP=50.1p medSL=25.0p -> FAIL
1787400244 TU-pb-L-B3 [TREND_UP] LONG PB rr3.0: n=59 WR=0.051 avgR=0.4057 b5rem=0.3158 medTP=105.1p medSL=35.0p -> SURVIVE
1787400244 TB-bo-L-B3 [TREND_UP] LONG PB rr3.0: n=81 WR=0.111 avgR=0.1592 b5rem=0.0133 medTP=104.0p medSL=34.7p -> SURVIVE
1787400244 RG-rej-L-B3 [RANGE] LONG PB rr3.0: n=54 WR=0.056 avgR=0.1423 b5rem=0.0337 medTP=91.5p medSL=30.5p -> SURVIVE
1787400244 RG-sweep-L-B3 [RANGE] LONG PB rr3.0: n=40 WR=0.075 avgR=0.1716 b5rem=0.0248 medTP=94.7p medSL=31.6p -> INSUFFICIENT
1787400244 RG-fb-L-B3 [RANGE] LONG PB rr3.0: n=24 WR=0.083 avgR=-0.0107 b5rem=-0.1406 medTP=136.0p medSL=45.3p -> EVENT_SPARSE
1787400244 TR-bo-L-B3 [TRANSITION] LONG PB rr3.0: n=10 WR=0.2 avgR=0.5102 b5rem=0.2374 medTP=155.9p medSL=52.0p -> EVENT_SPARSE
1787400244 RI-disp-L-B3 [REGIME_INDEPENDENT] LONG PB rr3.0: n=224 WR=0.054 avgR=0.0977 b5rem=-0.0503 medTP=101.4p medSL=33.8p -> TAIL_FRAGILE
1787400244 RI-mom-L-B3 [REGIME_INDEPENDENT] LONG PB rr3.0: n=248 WR=0.04 avgR=-0.0464 b5rem=-0.1994 medTP=75.1p medSL=25.0p -> FAIL
1787400244 TU-pb-L-B4 [TREND_UP] LONG PB rr4.0: n=59 WR=0.034 avgR=0.4569 b5rem=0.3339 medTP=140.1p medSL=35.0p -> SURVIVE
1787400244 CHECKPOINT 25: surv=['TU-pb-L-A1.5', 'TU-pb-L-A2', 'TB-bo-L-A2', 'RG-rej-L-A2', 'TU-pb-L-B3', 'TB-bo-L-B3', 'RG-rej-L-B3', 'TU-pb-L-B4']
1787400244 TB-bo-L-B4 [TREND_UP] LONG PB rr4.0: n=81 WR=0.062 avgR=0.1159 b5rem=-0.0838 medTP=138.7p medSL=34.7p -> TAIL_FRAGILE
1787400244 RG-rej-L-B4 [RANGE] LONG PB rr4.0: n=54 WR=0.019 avgR=0.3761 b5rem=0.2386 medTP=122.0p medSL=30.5p -> SURVIVE
1787400244 RG-sweep-L-B4 [RANGE] LONG PB rr4.0: n=40 WR=0.05 avgR=0.4116 b5rem=0.225 medTP=126.2p medSL=31.6p -> INSUFFICIENT
1787400244 RG-fb-L-B4 [RANGE] LONG PB rr4.0: n=24 WR=0.042 avgR=0.18 b5rem=0.016 medTP=181.4p medSL=45.3p -> EVENT_SPARSE
1787400244 TR-bo-L-B4 [TRANSITION] LONG PB rr4.0: n=10 WR=0.0 avgR=0.4383 b5rem=0.0581 medTP=207.8p medSL=52.0p -> EVENT_SPARSE
1787400244 RI-disp-L-B4 [REGIME_INDEPENDENT] LONG PB rr4.0: n=224 WR=0.027 avgR=0.1438 b5rem=-0.0529 medTP=135.2p medSL=33.8p -> TAIL_FRAGILE
1787400244 RI-mom-L-B4 [REGIME_INDEPENDENT] LONG PB rr4.0: n=248 WR=0.024 avgR=-0.0915 b5rem=-0.2972 medTP=100.2p medSL=25.0p -> FAIL
1787400244 TU-pb-S-A1.5 [TREND_DOWN] SHORT PA rr1.5: n=43 WR=0.116 avgR=-0.1342 b5rem=-0.2129 medTP=36.8p medSL=24.5p -> INSUFFICIENT
1787400244 TB-bo-S-A1.5 [TREND_DOWN] SHORT PA rr1.5: n=58 WR=0.103 avgR=-0.2355 b5rem=-0.2968 medTP=50.6p medSL=33.7p -> FAIL
1787400244 RG-rej-S-A1.5 [RANGE] SHORT PA rr1.5: n=76 WR=0.132 avgR=-0.1228 b5rem=-0.1884 medTP=41.2p medSL=27.5p -> FAIL
1787400244 RG-sweep-S-A1.5 [RANGE] SHORT PA rr1.5: n=44 WR=0.068 avgR=-0.0256 b5rem=-0.0968 medTP=46.6p medSL=31.1p -> INSUFFICIENT
1787400244 RG-fb-S-A1.5 [RANGE] SHORT PA rr1.5: n=32 WR=0.125 avgR=-0.1242 b5rem=-0.1759 medTP=62.3p medSL=41.5p -> INSUFFICIENT
1787400244 TR-bo-S-A1.5 [TRANSITION] SHORT PA rr1.5: n=6 WR=0.0 avgR=-0.3084 b5rem=-0.6418 medTP=29.5p medSL=19.6p -> EVENT_SPARSE
1787400244 RI-disp-S-A1.5 [REGIME_INDEPENDENT] SHORT PA rr1.5: n=223 WR=0.108 avgR=-0.1053 b5rem=-0.1871 medTP=52.8p medSL=35.2p -> FAIL
1787400244 RI-mom-S-A1.5 [REGIME_INDEPENDENT] SHORT PA rr1.5: n=228 WR=0.079 avgR=-0.0881 b5rem=-0.1671 medTP=37.9p medSL=25.3p -> FAIL
1787400244 TU-pb-S-A2 [TREND_DOWN] SHORT PA rr2.0: n=43 WR=0.116 avgR=-0.0993 b5rem=-0.2007 medTP=49.1p medSL=24.5p -> INSUFFICIENT
1787400244 TB-bo-S-A2 [TREND_DOWN] SHORT PA rr2.0: n=58 WR=0.086 avgR=-0.3763 b5rem=-0.4605 medTP=67.4p medSL=33.7p -> FAIL
1787400244 RG-rej-S-A2 [RANGE] SHORT PA rr2.0: n=76 WR=0.092 avgR=-0.1422 b5rem=-0.2289 medTP=54.9p medSL=27.5p -> FAIL
1787400244 RG-sweep-S-A2 [RANGE] SHORT PA rr2.0: n=44 WR=0.045 avgR=0.0072 b5rem=-0.086 medTP=62.2p medSL=31.1p -> INSUFFICIENT
1787400244 RG-fb-S-A2 [RANGE] SHORT PA rr2.0: n=32 WR=0.094 avgR=-0.1546 b5rem=-0.2233 medTP=83.1p medSL=41.5p -> INSUFFICIENT
1787400244 TR-bo-S-A2 [TRANSITION] SHORT PA rr2.0: n=6 WR=0.0 avgR=-0.6417 b5rem=-1.1281 medTP=39.3p medSL=19.6p -> EVENT_SPARSE
1787400244 RI-disp-S-A2 [REGIME_INDEPENDENT] SHORT PA rr2.0: n=223 WR=0.085 avgR=-0.2554 b5rem=-0.3709 medTP=70.4p medSL=35.2p -> FAIL
1787400244 RI-mom-S-A2 [REGIME_INDEPENDENT] SHORT PA rr2.0: n=228 WR=0.057 avgR=-0.1152 b5rem=-0.2207 medTP=50.5p medSL=25.3p -> FAIL
1787400244 TU-pb-S-B3 [TREND_DOWN] SHORT PB rr3.0: n=43 WR=0.047 avgR=0.0566 b5rem=-0.0849 medTP=73.6p medSL=24.5p -> INSUFFICIENT
1787400244 TB-bo-S-B3 [TREND_DOWN] SHORT PB rr3.0: n=58 WR=0.069 avgR=-0.1954 b5rem=-0.3084 medTP=101.2p medSL=33.7p -> FAIL
1787400244 CHECKPOINT 50: surv=['TU-pb-L-A1.5', 'TU-pb-L-A2', 'TB-bo-L-A2', 'RG-rej-L-A2', 'TU-pb-L-B3', 'TB-bo-L-B3', 'RG-rej-L-B3', 'TU-pb-L-B4', 'RG-rej-L-B4']
1787400244 RG-rej-S-B3 [RANGE] SHORT PB rr3.0: n=76 WR=0.066 avgR=-0.101 b5rem=-0.2269 medTP=82.4p medSL=27.5p -> FAIL
1787400244 RG-sweep-S-B3 [RANGE] SHORT PB rr3.0: n=44 WR=0.045 avgR=-0.0837 b5rem=-0.2288 medTP=93.3p medSL=31.1p -> INSUFFICIENT
1787400244 RG-fb-S-B3 [RANGE] SHORT PB rr3.0: n=32 WR=0.062 avgR=-0.1515 b5rem=-0.252 medTP=124.6p medSL=41.5p -> INSUFFICIENT
1787400244 TR-bo-S-B3 [TRANSITION] SHORT PB rr3.0: n=6 WR=0.0 avgR=-0.4751 b5rem=-1.1281 medTP=58.9p medSL=19.6p -> EVENT_SPARSE
1787400244 RI-disp-S-B3 [REGIME_INDEPENDENT] SHORT PB rr3.0: n=223 WR=0.054 avgR=-0.2616 b5rem=-0.4291 medTP=105.6p medSL=35.2p -> FAIL
1787400244 RI-mom-S-B3 [REGIME_INDEPENDENT] SHORT PB rr3.0: n=228 WR=0.031 avgR=-0.0676 b5rem=-0.2207 medTP=75.8p medSL=25.3p -> FAIL
1787400244 TU-pb-S-B4 [TREND_DOWN] SHORT PB rr4.0: n=43 WR=0.047 avgR=0.2891 b5rem=0.1102 medTP=98.2p medSL=24.5p -> INSUFFICIENT
1787400244 TB-bo-S-B4 [TREND_DOWN] SHORT PB rr4.0: n=58 WR=0.034 avgR=-0.0785 b5rem=-0.2231 medTP=134.9p medSL=33.7p -> FAIL
1787400244 RG-rej-S-B4 [RANGE] SHORT PB rr4.0: n=76 WR=0.026 avgR=-0.1617 b5rem=-0.3307 medTP=109.9p medSL=27.5p -> FAIL
1787400244 RG-sweep-S-B4 [RANGE] SHORT PB rr4.0: n=44 WR=0.0 avgR=-0.0037 b5rem=-0.1905 medTP=124.4p medSL=31.1p -> INSUFFICIENT
1787400244 RG-fb-S-B4 [RANGE] SHORT PB rr4.0: n=32 WR=0.031 avgR=-0.0382 b5rem=-0.1669 medTP=166.2p medSL=41.5p -> INSUFFICIENT
1787400244 TR-bo-S-B4 [TRANSITION] SHORT PB rr4.0: n=6 WR=0.0 avgR=-0.3084 b5rem=-1.1281 medTP=78.5p medSL=19.6p -> EVENT_SPARSE
1787400244 RI-disp-S-B4 [REGIME_INDEPENDENT] SHORT PB rr4.0: n=223 WR=0.036 avgR=-0.1773 b5rem=-0.3919 medTP=140.9p medSL=35.2p -> FAIL
1787400244 RI-mom-S-B4 [REGIME_INDEPENDENT] SHORT PB rr4.0: n=228 WR=0.018 avgR=-0.1043 b5rem=-0.3092 medTP=101.1p medSL=25.3p -> FAIL
1787400244 H1M5_COMPLETE tested=64 survivors=['TU-pb-L-A1.5', 'TU-pb-L-A2', 'TB-bo-L-A2', 'RG-rej-L-A2', 'TU-pb-L-B3', 'TB-bo-L-B3', 'RG-rej-L-B3', 'TU-pb-L-B4', 'RG-rej-L-B4']
1787400263 H1M5 CAMPAIGN START registry=64 (DEV H1 bars=10168)
1787400263 TU-pb-L-A1.5 [TREND_UP] LONG PA rr1.5: n=59 WR=0.169 avgR=0.1939 b5rem=0.1489 medTP=52.5p medSL=35.0p -> SURVIVE
1787400263 TB-bo-L-A1.5 [TREND_UP] LONG PA rr1.5: n=81 WR=0.16 avgR=0.0201 b5rem=-0.0552 medTP=52.0p medSL=34.7p -> TAIL_FRAGILE
1787400263 RG-rej-L-A1.5 [RANGE] LONG PA rr1.5: n=54 WR=0.111 avgR=0.0484 b5rem=-0.0064 medTP=45.8p medSL=30.5p -> TAIL_FRAGILE
1787400263 RG-sweep-L-A1.5 [RANGE] LONG PA rr1.5: n=40 WR=0.125 avgR=0.0829 b5rem=0.0099 medTP=47.3p medSL=31.6p -> INSUFFICIENT
1787400263 RG-fb-L-A1.5 [RANGE] LONG PA rr1.5: n=24 WR=0.125 avgR=-0.1773 b5rem=-0.2493 medTP=68.0p medSL=45.3p -> EVENT_SPARSE
1787400263 TR-bo-L-A1.5 [TRANSITION] LONG PA rr1.5: n=10 WR=0.3 avgR=0.2354 b5rem=0.0987 medTP=77.9p medSL=52.0p -> EVENT_SPARSE
1787400263 RI-disp-L-A1.5 [REGIME_INDEPENDENT] LONG PA rr1.5: n=224 WR=0.121 avgR=-0.0663 b5rem=-0.1459 medTP=50.7p medSL=33.8p -> FAIL
1787400263 RI-mom-L-A1.5 [REGIME_INDEPENDENT] LONG PA rr1.5: n=248 WR=0.06 avgR=-0.1087 b5rem=-0.1888 medTP=37.6p medSL=25.0p -> FAIL
1787400263 TU-pb-L-A2 [TREND_UP] LONG PA rr2.0: n=59 WR=0.136 avgR=0.306 b5rem=0.2474 medTP=70.0p medSL=35.0p -> SURVIVE
1787400263 TB-bo-L-A2 [TREND_UP] LONG PA rr2.0: n=81 WR=0.136 avgR=0.1149 b5rem=0.0185 medTP=69.3p medSL=34.7p -> SURVIVE
1787400263 RG-rej-L-A2 [RANGE] LONG PA rr2.0: n=54 WR=0.093 avgR=0.2383 b5rem=0.1717 medTP=61.0p medSL=30.5p -> SURVIVE
1787400263 RG-sweep-L-A2 [RANGE] LONG PA rr2.0: n=40 WR=0.075 avgR=0.1326 b5rem=0.0364 medTP=63.1p medSL=31.6p -> INSUFFICIENT
1787400263 RG-fb-L-A2 [RANGE] LONG PA rr2.0: n=24 WR=0.125 avgR=-0.0107 b5rem=-0.0971 medTP=90.7p medSL=45.3p -> EVENT_SPARSE
1787400263 TR-bo-L-A2 [TRANSITION] LONG PA rr2.0: n=10 WR=0.3 avgR=0.1854 b5rem=-0.0124 medTP=103.9p medSL=52.0p -> EVENT_SPARSE
1787400263 RI-disp-L-A2 [REGIME_INDEPENDENT] LONG PA rr2.0: n=224 WR=0.089 avgR=-0.015 b5rem=-0.1175 medTP=67.6p medSL=33.8p -> FAIL
1787400263 RI-mom-L-A2 [REGIME_INDEPENDENT] LONG PA rr2.0: n=248 WR=0.052 avgR=-0.0543 b5rem=-0.157 medTP=50.1p medSL=25.0p -> FAIL
1787400263 TU-pb-L-B3 [TREND_UP] LONG PB rr3.0: n=59 WR=0.051 avgR=0.4057 b5rem=0.3158 medTP=105.1p medSL=35.0p -> SURVIVE
1787400263 TB-bo-L-B3 [TREND_UP] LONG PB rr3.0: n=81 WR=0.111 avgR=0.1592 b5rem=0.0133 medTP=104.0p medSL=34.7p -> SURVIVE
1787400263 RG-rej-L-B3 [RANGE] LONG PB rr3.0: n=54 WR=0.056 avgR=0.1423 b5rem=0.0337 medTP=91.5p medSL=30.5p -> SURVIVE
1787400263 RG-sweep-L-B3 [RANGE] LONG PB rr3.0: n=40 WR=0.075 avgR=0.1716 b5rem=0.0248 medTP=94.7p medSL=31.6p -> INSUFFICIENT
1787400263 RG-fb-L-B3 [RANGE] LONG PB rr3.0: n=24 WR=0.083 avgR=-0.0107 b5rem=-0.1406 medTP=136.0p medSL=45.3p -> EVENT_SPARSE
1787400263 TR-bo-L-B3 [TRANSITION] LONG PB rr3.0: n=10 WR=0.2 avgR=0.5102 b5rem=0.2374 medTP=155.9p medSL=52.0p -> EVENT_SPARSE
1787400263 RI-disp-L-B3 [REGIME_INDEPENDENT] LONG PB rr3.0: n=224 WR=0.054 avgR=0.0977 b5rem=-0.0503 medTP=101.4p medSL=33.8p -> TAIL_FRAGILE
1787400263 RI-mom-L-B3 [REGIME_INDEPENDENT] LONG PB rr3.0: n=248 WR=0.04 avgR=-0.0464 b5rem=-0.1994 medTP=75.1p medSL=25.0p -> FAIL
1787400263 TU-pb-L-B4 [TREND_UP] LONG PB rr4.0: n=59 WR=0.034 avgR=0.4569 b5rem=0.3339 medTP=140.1p medSL=35.0p -> SURVIVE
1787400263 CHECKPOINT 25: surv=['TU-pb-L-A1.5', 'TU-pb-L-A2', 'TB-bo-L-A2', 'RG-rej-L-A2', 'TU-pb-L-B3', 'TB-bo-L-B3', 'RG-rej-L-B3', 'TU-pb-L-B4']
1787400263 TB-bo-L-B4 [TREND_UP] LONG PB rr4.0: n=81 WR=0.062 avgR=0.1159 b5rem=-0.0838 medTP=138.7p medSL=34.7p -> TAIL_FRAGILE
1787400263 RG-rej-L-B4 [RANGE] LONG PB rr4.0: n=54 WR=0.019 avgR=0.3761 b5rem=0.2386 medTP=122.0p medSL=30.5p -> SURVIVE
1787400263 RG-sweep-L-B4 [RANGE] LONG PB rr4.0: n=40 WR=0.05 avgR=0.4116 b5rem=0.225 medTP=126.2p medSL=31.6p -> INSUFFICIENT
1787400263 RG-fb-L-B4 [RANGE] LONG PB rr4.0: n=24 WR=0.042 avgR=0.18 b5rem=0.016 medTP=181.4p medSL=45.3p -> EVENT_SPARSE
1787400263 TR-bo-L-B4 [TRANSITION] LONG PB rr4.0: n=10 WR=0.0 avgR=0.4383 b5rem=0.0581 medTP=207.8p medSL=52.0p -> EVENT_SPARSE
1787400263 RI-disp-L-B4 [REGIME_INDEPENDENT] LONG PB rr4.0: n=224 WR=0.027 avgR=0.1438 b5rem=-0.0529 medTP=135.2p medSL=33.8p -> TAIL_FRAGILE
1787400263 RI-mom-L-B4 [REGIME_INDEPENDENT] LONG PB rr4.0: n=248 WR=0.024 avgR=-0.0915 b5rem=-0.2972 medTP=100.2p medSL=25.0p -> FAIL
1787400263 TU-pb-S-A1.5 [TREND_DOWN] SHORT PA rr1.5: n=43 WR=0.116 avgR=-0.1342 b5rem=-0.2129 medTP=36.8p medSL=24.5p -> INSUFFICIENT
1787400263 TB-bo-S-A1.5 [TREND_DOWN] SHORT PA rr1.5: n=58 WR=0.103 avgR=-0.2355 b5rem=-0.2968 medTP=50.6p medSL=33.7p -> FAIL
1787400263 RG-rej-S-A1.5 [RANGE] SHORT PA rr1.5: n=76 WR=0.132 avgR=-0.1228 b5rem=-0.1884 medTP=41.2p medSL=27.5p -> FAIL
1787400263 RG-sweep-S-A1.5 [RANGE] SHORT PA rr1.5: n=44 WR=0.068 avgR=-0.0256 b5rem=-0.0968 medTP=46.6p medSL=31.1p -> INSUFFICIENT
1787400263 RG-fb-S-A1.5 [RANGE] SHORT PA rr1.5: n=32 WR=0.125 avgR=-0.1242 b5rem=-0.1759 medTP=62.3p medSL=41.5p -> INSUFFICIENT
1787400263 TR-bo-S-A1.5 [TRANSITION] SHORT PA rr1.5: n=6 WR=0.0 avgR=-0.3084 b5rem=-0.6418 medTP=29.5p medSL=19.6p -> EVENT_SPARSE
1787400264 RI-disp-S-A1.5 [REGIME_INDEPENDENT] SHORT PA rr1.5: n=223 WR=0.108 avgR=-0.1053 b5rem=-0.1871 medTP=52.8p medSL=35.2p -> FAIL
1787400264 RI-mom-S-A1.5 [REGIME_INDEPENDENT] SHORT PA rr1.5: n=228 WR=0.079 avgR=-0.0881 b5rem=-0.1671 medTP=37.9p medSL=25.3p -> FAIL
1787400264 TU-pb-S-A2 [TREND_DOWN] SHORT PA rr2.0: n=43 WR=0.116 avgR=-0.0993 b5rem=-0.2007 medTP=49.1p medSL=24.5p -> INSUFFICIENT
1787400264 TB-bo-S-A2 [TREND_DOWN] SHORT PA rr2.0: n=58 WR=0.086 avgR=-0.3763 b5rem=-0.4605 medTP=67.4p medSL=33.7p -> FAIL
1787400264 RG-rej-S-A2 [RANGE] SHORT PA rr2.0: n=76 WR=0.092 avgR=-0.1422 b5rem=-0.2289 medTP=54.9p medSL=27.5p -> FAIL
1787400264 RG-sweep-S-A2 [RANGE] SHORT PA rr2.0: n=44 WR=0.045 avgR=0.0072 b5rem=-0.086 medTP=62.2p medSL=31.1p -> INSUFFICIENT
1787400264 RG-fb-S-A2 [RANGE] SHORT PA rr2.0: n=32 WR=0.094 avgR=-0.1546 b5rem=-0.2233 medTP=83.1p medSL=41.5p -> INSUFFICIENT
1787400264 TR-bo-S-A2 [TRANSITION] SHORT PA rr2.0: n=6 WR=0.0 avgR=-0.6417 b5rem=-1.1281 medTP=39.3p medSL=19.6p -> EVENT_SPARSE
1787400264 RI-disp-S-A2 [REGIME_INDEPENDENT] SHORT PA rr2.0: n=223 WR=0.085 avgR=-0.2554 b5rem=-0.3709 medTP=70.4p medSL=35.2p -> FAIL
1787400264 RI-mom-S-A2 [REGIME_INDEPENDENT] SHORT PA rr2.0: n=228 WR=0.057 avgR=-0.1152 b5rem=-0.2207 medTP=50.5p medSL=25.3p -> FAIL
1787400264 TU-pb-S-B3 [TREND_DOWN] SHORT PB rr3.0: n=43 WR=0.047 avgR=0.0566 b5rem=-0.0849 medTP=73.6p medSL=24.5p -> INSUFFICIENT
1787400264 TB-bo-S-B3 [TREND_DOWN] SHORT PB rr3.0: n=58 WR=0.069 avgR=-0.1954 b5rem=-0.3084 medTP=101.2p medSL=33.7p -> FAIL
1787400264 CHECKPOINT 50: surv=['TU-pb-L-A1.5', 'TU-pb-L-A2', 'TB-bo-L-A2', 'RG-rej-L-A2', 'TU-pb-L-B3', 'TB-bo-L-B3', 'RG-rej-L-B3', 'TU-pb-L-B4', 'RG-rej-L-B4']
1787400264 RG-rej-S-B3 [RANGE] SHORT PB rr3.0: n=76 WR=0.066 avgR=-0.101 b5rem=-0.2269 medTP=82.4p medSL=27.5p -> FAIL
1787400264 RG-sweep-S-B3 [RANGE] SHORT PB rr3.0: n=44 WR=0.045 avgR=-0.0837 b5rem=-0.2288 medTP=93.3p medSL=31.1p -> INSUFFICIENT
1787400264 RG-fb-S-B3 [RANGE] SHORT PB rr3.0: n=32 WR=0.062 avgR=-0.1515 b5rem=-0.252 medTP=124.6p medSL=41.5p -> INSUFFICIENT
1787400264 TR-bo-S-B3 [TRANSITION] SHORT PB rr3.0: n=6 WR=0.0 avgR=-0.4751 b5rem=-1.1281 medTP=58.9p medSL=19.6p -> EVENT_SPARSE
1787400264 RI-disp-S-B3 [REGIME_INDEPENDENT] SHORT PB rr3.0: n=223 WR=0.054 avgR=-0.2616 b5rem=-0.4291 medTP=105.6p medSL=35.2p -> FAIL
1787400264 RI-mom-S-B3 [REGIME_INDEPENDENT] SHORT PB rr3.0: n=228 WR=0.031 avgR=-0.0676 b5rem=-0.2207 medTP=75.8p medSL=25.3p -> FAIL
1787400264 TU-pb-S-B4 [TREND_DOWN] SHORT PB rr4.0: n=43 WR=0.047 avgR=0.2891 b5rem=0.1102 medTP=98.2p medSL=24.5p -> INSUFFICIENT
1787400264 TB-bo-S-B4 [TREND_DOWN] SHORT PB rr4.0: n=58 WR=0.034 avgR=-0.0785 b5rem=-0.2231 medTP=134.9p medSL=33.7p -> FAIL
1787400264 RG-rej-S-B4 [RANGE] SHORT PB rr4.0: n=76 WR=0.026 avgR=-0.1617 b5rem=-0.3307 medTP=109.9p medSL=27.5p -> FAIL
1787400264 RG-sweep-S-B4 [RANGE] SHORT PB rr4.0: n=44 WR=0.0 avgR=-0.0037 b5rem=-0.1905 medTP=124.4p medSL=31.1p -> INSUFFICIENT
1787400264 RG-fb-S-B4 [RANGE] SHORT PB rr4.0: n=32 WR=0.031 avgR=-0.0382 b5rem=-0.1669 medTP=166.2p medSL=41.5p -> INSUFFICIENT
1787400264 TR-bo-S-B4 [TRANSITION] SHORT PB rr4.0: n=6 WR=0.0 avgR=-0.3084 b5rem=-1.1281 medTP=78.5p medSL=19.6p -> EVENT_SPARSE
1787400264 RI-disp-S-B4 [REGIME_INDEPENDENT] SHORT PB rr4.0: n=223 WR=0.036 avgR=-0.1773 b5rem=-0.3919 medTP=140.9p medSL=35.2p -> FAIL
1787400264 RI-mom-S-B4 [REGIME_INDEPENDENT] SHORT PB rr4.0: n=228 WR=0.018 avgR=-0.1043 b5rem=-0.3092 medTP=101.1p medSL=25.3p -> FAIL
1787400264 H1M5_COMPLETE tested=64 survivors=['TU-pb-L-A1.5', 'TU-pb-L-A2', 'TB-bo-L-A2', 'RG-rej-L-A2', 'TU-pb-L-B3', 'TB-bo-L-B3', 'RG-rej-L-B3', 'TU-pb-L-B4', 'RG-rej-L-B4']
